Error type B at Line 3: Missing semicolon ';'
Error type A at Line 5: unknown lexeme |
Error type A at Line 6: unknown lexeme &
