Error type 10 at Line 10: indexing on non-array variable
Error type 5 at Line 10: unmatching types on both sides of assignment
Error type 11 at Line 11: invoking non-function variable: abc
Error type 5 at Line 11: unmatching types on both sides of assignment
