Error type 1 at Line 8: undefined variable: e
Error type 5 at Line 8: unmatching types on both sides of assignment operator
Error type 1 at Line 9: undefined variable: e