Error type 5 at Line 26: unmatching types on both sides of assignment
Error type 9 at Line 27: more the function compare's arguments than the declared parameters
